Archive member included because of file (symbol)

c:/users/pvalleau/appdata/local/arduino15/packages/arduino/tools/arm-none-eabi-gcc/4.8.3-2014q1/bin/../lib/gcc/arm-none-eabi/4.8.3/../../../../arm-none-eabi/lib/armv6-m\libc_s.a(lib_a-exit.o)
                              c:/users/pvalleau/appdata/local/arduino15/packages/arduino/tools/arm-none-eabi-gcc/4.8.3-2014q1/bin/../lib/gcc/arm-none-eabi/4.8.3/../../../../arm-none-eabi/lib/armv6-m/crt0.o (exit)
c:/users/pvalleau/appdata/local/arduino15/packages/arduino/tools/arm-none-eabi-gcc/4.8.3-2014q1/bin/../lib/gcc/arm-none-eabi/4.8.3/../../../../arm-none-eabi/lib/armv6-m\libc_s.a(lib_a-impure.o)
                              c:/users/pvalleau/appdata/local/arduino15/packages/arduino/tools/arm-none-eabi-gcc/4.8.3-2014q1/bin/../lib/gcc/arm-none-eabi/4.8.3/../../../../arm-none-eabi/lib/armv6-m\libc_s.a(lib_a-exit.o) (_global_impure_ptr)
c:/users/pvalleau/appdata/local/arduino15/packages/arduino/tools/arm-none-eabi-gcc/4.8.3-2014q1/bin/../lib/gcc/arm-none-eabi/4.8.3/../../../../arm-none-eabi/lib/armv6-m\libc_s.a(lib_a-init.o)
                              c:/users/pvalleau/appdata/local/arduino15/packages/arduino/tools/arm-none-eabi-gcc/4.8.3-2014q1/bin/../lib/gcc/arm-none-eabi/4.8.3/../../../../arm-none-eabi/lib/armv6-m/crt0.o (__libc_init_array)
c:/users/pvalleau/appdata/local/arduino15/packages/arduino/tools/arm-none-eabi-gcc/4.8.3-2014q1/bin/../lib/gcc/arm-none-eabi/4.8.3/../../../../arm-none-eabi/lib/armv6-m\libc_s.a(lib_a-memcpy-stub.o)
                              build/sam_ba_monitor.o (memcpy)
c:/users/pvalleau/appdata/local/arduino15/packages/arduino/tools/arm-none-eabi-gcc/4.8.3-2014q1/bin/../lib/gcc/arm-none-eabi/4.8.3/../../../../arm-none-eabi/lib/armv6-m\libc_s.a(lib_a-memset.o)
                              c:/users/pvalleau/appdata/local/arduino15/packages/arduino/tools/arm-none-eabi-gcc/4.8.3-2014q1/bin/../lib/gcc/arm-none-eabi/4.8.3/../../../../arm-none-eabi/lib/armv6-m/crt0.o (memset)
c:/users/pvalleau/appdata/local/arduino15/packages/arduino/tools/arm-none-eabi-gcc/4.8.3-2014q1/bin/../lib/gcc/arm-none-eabi/4.8.3/../../../../arm-none-eabi/lib/armv6-m\libnosys.a(_exit.o)
                              c:/users/pvalleau/appdata/local/arduino15/packages/arduino/tools/arm-none-eabi-gcc/4.8.3-2014q1/bin/../lib/gcc/arm-none-eabi/4.8.3/../../../../arm-none-eabi/lib/armv6-m\libc_s.a(lib_a-exit.o) (_exit)

Allocating common symbols
Common symbol       size              file

b_sharp_received    0x1               build/sam_ba_serial.o
j                   0x1               build/sam_ba_monitor.o
idx_rx_write        0x1               build/sam_ba_serial.o
size_of_data        0x2               build/sam_ba_serial.o
length              0x4               build/sam_ba_monitor.o
ptr                 0x4               build/sam_ba_monitor.o
command             0x1               build/sam_ba_monitor.o
MAX_FLASH           0x4               build/sam_ba_monitor.o
PAGES               0x4               build/sam_ba_monitor.o
idx_tx_read         0x1               build/sam_ba_serial.o
i                   0x4               build/sam_ba_monitor.o
buffer_tx_usart     0x80              build/sam_ba_serial.o
error_timeout       0x1               build/sam_ba_serial.o
PAGE_SIZE           0x4               build/sam_ba_monitor.o
data                0x40              build/sam_ba_monitor.o
mode_of_transfer    0x1               build/sam_ba_serial.o
ptr_data            0x4               build/sam_ba_monitor.o
idx_rx_read         0x1               build/sam_ba_serial.o
ptr_monitor_if      0x4               build/sam_ba_monitor.o
sp                  0x4               build/sam_ba_monitor.o
current_number      0x4               build/sam_ba_monitor.o
idx_tx_write        0x1               build/sam_ba_serial.o
u32tmp              0x4               build/sam_ba_monitor.o
buffer_rx_usart     0x80              build/sam_ba_serial.o

Discarded input sections

 .text          0x00000000        0x0 c:/users/pvalleau/appdata/local/arduino15/packages/arduino/tools/arm-none-eabi-gcc/4.8.3-2014q1/bin/../lib/gcc/arm-none-eabi/4.8.3/armv6-m/crti.o
 .data          0x00000000        0x0 c:/users/pvalleau/appdata/local/arduino15/packages/arduino/tools/arm-none-eabi-gcc/4.8.3-2014q1/bin/../lib/gcc/arm-none-eabi/4.8.3/armv6-m/crti.o
 .bss           0x00000000        0x0 c:/users/pvalleau/appdata/local/arduino15/packages/arduino/tools/arm-none-eabi-gcc/4.8.3-2014q1/bin/../lib/gcc/arm-none-eabi/4.8.3/armv6-m/crti.o
 .data          0x00000000        0x4 c:/users/pvalleau/appdata/local/arduino15/packages/arduino/tools/arm-none-eabi-gcc/4.8.3-2014q1/bin/../lib/gcc/arm-none-eabi/4.8.3/armv6-m/crtbegin.o
 .text          0x00000000       0x78 c:/users/pvalleau/appdata/local/arduino15/packages/arduino/tools/arm-none-eabi-gcc/4.8.3-2014q1/bin/../lib/gcc/arm-none-eabi/4.8.3/../../../../arm-none-eabi/lib/armv6-m/crt0.o
 .data          0x00000000        0x0 c:/users/pvalleau/appdata/local/arduino15/packages/arduino/tools/arm-none-eabi-gcc/4.8.3-2014q1/bin/../lib/gcc/arm-none-eabi/4.8.3/../../../../arm-none-eabi/lib/armv6-m/crt0.o
 .bss           0x00000000        0x0 c:/users/pvalleau/appdata/local/arduino15/packages/arduino/tools/arm-none-eabi-gcc/4.8.3-2014q1/bin/../lib/gcc/arm-none-eabi/4.8.3/../../../../arm-none-eabi/lib/armv6-m/crt0.o
 .ARM.extab     0x00000000        0x0 c:/users/pvalleau/appdata/local/arduino15/packages/arduino/tools/arm-none-eabi-gcc/4.8.3-2014q1/bin/../lib/gcc/arm-none-eabi/4.8.3/../../../../arm-none-eabi/lib/armv6-m/crt0.o
 .ARM.exidx     0x00000000        0x8 c:/users/pvalleau/appdata/local/arduino15/packages/arduino/tools/arm-none-eabi-gcc/4.8.3-2014q1/bin/../lib/gcc/arm-none-eabi/4.8.3/../../../../arm-none-eabi/lib/armv6-m/crt0.o
 .ARM.attributes
                0x00000000       0x1b c:/users/pvalleau/appdata/local/arduino15/packages/arduino/tools/arm-none-eabi-gcc/4.8.3-2014q1/bin/../lib/gcc/arm-none-eabi/4.8.3/../../../../arm-none-eabi/lib/armv6-m/crt0.o
 .text          0x00000000        0x0 build/board_driver_led.o
 .data          0x00000000        0x0 build/board_driver_led.o
 .bss           0x00000000        0x0 build/board_driver_led.o
 .text          0x00000000        0x0 build/board_driver_serial.o
 .data          0x00000000        0x0 build/board_driver_serial.o
 .bss           0x00000000        0x0 build/board_driver_serial.o
 .text.uart_disable
                0x00000000       0x10 build/board_driver_serial.o
 .text.uart_write_buffer_polled
                0x00000000       0x20 build/board_driver_serial.o
 .text.uart_read_buffer_polled
                0x00000000       0x40 build/board_driver_serial.o
 .text          0x00000000        0x0 build/board_init.o
 .data          0x00000000        0x0 build/board_init.o
 .bss           0x00000000        0x0 build/board_init.o
 .text.waitForPLL
                0x00000000       0x10 build/board_init.o
 .text          0x00000000        0x0 build/board_startup.o
 .data          0x00000000        0x0 build/board_startup.o
 .bss           0x00000000        0x0 build/board_startup.o
 .text          0x00000000        0x0 build/util.o
 .data          0x00000000        0x0 build/util.o
 .bss           0x00000000        0x0 build/util.o
 .text.flashErase
                0x00000000       0x2c build/util.o
 .text.flashWrite
                0x00000000       0x4c build/util.o
 .text.pinConfig
                0x00000000       0x70 build/util.o
 .text.isPinActive
                0x00000000       0x22 build/util.o
 .text.delayUs  0x00000000       0x24 build/util.o
 .text.systemReset
                0x00000000       0x10 build/util.o
 .text          0x00000000        0x0 build/main.o
 .data          0x00000000        0x0 build/main.o
 .bss           0x00000000        0x0 build/main.o
 .text          0x00000000        0x0 build/sam_ba_monitor.o
 .data          0x00000000        0x0 build/sam_ba_monitor.o
 .bss           0x00000000        0x0 build/sam_ba_monitor.o
 .text          0x00000000        0x0 build/sam_ba_serial.o
 .data          0x00000000        0x0 build/sam_ba_serial.o
 .bss           0x00000000        0x0 build/sam_ba_serial.o
 .text.serial_close
                0x00000000       0x10 build/sam_ba_serial.o
 .text.serial_readc
                0x00000000       0x20 build/sam_ba_serial.o
 .text          0x00000000        0x0 c:/users/pvalleau/appdata/local/arduino15/packages/arduino/tools/arm-none-eabi-gcc/4.8.3-2014q1/bin/../lib/gcc/arm-none-eabi/4.8.3/../../../../arm-none-eabi/lib/armv6-m\libc_s.a(lib_a-exit.o)
 .data          0x00000000        0x0 c:/users/pvalleau/appdata/local/arduino15/packages/arduino/tools/arm-none-eabi-gcc/4.8.3-2014q1/bin/../lib/gcc/arm-none-eabi/4.8.3/../../../../arm-none-eabi/lib/armv6-m\libc_s.a(lib_a-exit.o)
 .bss           0x00000000        0x0 c:/users/pvalleau/appdata/local/arduino15/packages/arduino/tools/arm-none-eabi-gcc/4.8.3-2014q1/bin/../lib/gcc/arm-none-eabi/4.8.3/../../../../arm-none-eabi/lib/armv6-m\libc_s.a(lib_a-exit.o)
 .text.exit     0x00000000       0x2c c:/users/pvalleau/appdata/local/arduino15/packages/arduino/tools/arm-none-eabi-gcc/4.8.3-2014q1/bin/../lib/gcc/arm-none-eabi/4.8.3/../../../../arm-none-eabi/lib/armv6-m\libc_s.a(lib_a-exit.o)
 .ARM.attributes
                0x00000000       0x2c c:/users/pvalleau/appdata/local/arduino15/packages/arduino/tools/arm-none-eabi-gcc/4.8.3-2014q1/bin/../lib/gcc/arm-none-eabi/4.8.3/../../../../arm-none-eabi/lib/armv6-m\libc_s.a(lib_a-exit.o)
 .debug_frame   0x00000000       0x28 c:/users/pvalleau/appdata/local/arduino15/packages/arduino/tools/arm-none-eabi-gcc/4.8.3-2014q1/bin/../lib/gcc/arm-none-eabi/4.8.3/../../../../arm-none-eabi/lib/armv6-m\libc_s.a(lib_a-exit.o)
 .text          0x00000000        0x0 c:/users/pvalleau/appdata/local/arduino15/packages/arduino/tools/arm-none-eabi-gcc/4.8.3-2014q1/bin/../lib/gcc/arm-none-eabi/4.8.3/../../../../arm-none-eabi/lib/armv6-m\libc_s.a(lib_a-impure.o)
 .data          0x00000000        0x0 c:/users/pvalleau/appdata/local/arduino15/packages/arduino/tools/arm-none-eabi-gcc/4.8.3-2014q1/bin/../lib/gcc/arm-none-eabi/4.8.3/../../../../arm-none-eabi/lib/armv6-m\libc_s.a(lib_a-impure.o)
 .bss           0x00000000        0x0 c:/users/pvalleau/appdata/local/arduino15/packages/arduino/tools/arm-none-eabi-gcc/4.8.3-2014q1/bin/../lib/gcc/arm-none-eabi/4.8.3/../../../../arm-none-eabi/lib/armv6-m\libc_s.a(lib_a-impure.o)
 .data.impure_data
                0x00000000       0x60 c:/users/pvalleau/appdata/local/arduino15/packages/arduino/tools/arm-none-eabi-gcc/4.8.3-2014q1/bin/../lib/gcc/arm-none-eabi/4.8.3/../../../../arm-none-eabi/lib/armv6-m\libc_s.a(lib_a-impure.o)
 .data._impure_ptr
                0x00000000        0x4 c:/users/pvalleau/appdata/local/arduino15/packages/arduino/tools/arm-none-eabi-gcc/4.8.3-2014q1/bin/../lib/gcc/arm-none-eabi/4.8.3/../../../../arm-none-eabi/lib/armv6-m\libc_s.a(lib_a-impure.o)
 .rodata.str1.1
                0x00000000        0x2 c:/users/pvalleau/appdata/local/arduino15/packages/arduino/tools/arm-none-eabi-gcc/4.8.3-2014q1/bin/../lib/gcc/arm-none-eabi/4.8.3/../../../../arm-none-eabi/lib/armv6-m\libc_s.a(lib_a-impure.o)
 .rodata._global_impure_ptr
                0x00000000        0x4 c:/users/pvalleau/appdata/local/arduino15/packages/arduino/tools/arm-none-eabi-gcc/4.8.3-2014q1/bin/../lib/gcc/arm-none-eabi/4.8.3/../../../../arm-none-eabi/lib/armv6-m\libc_s.a(lib_a-impure.o)
 .ARM.attributes
                0x00000000       0x2c c:/users/pvalleau/appdata/local/arduino15/packages/arduino/tools/arm-none-eabi-gcc/4.8.3-2014q1/bin/../lib/gcc/arm-none-eabi/4.8.3/../../../../arm-none-eabi/lib/armv6-m\libc_s.a(lib_a-impure.o)
 .text          0x00000000        0x0 c:/users/pvalleau/appdata/local/arduino15/packages/arduino/tools/arm-none-eabi-gcc/4.8.3-2014q1/bin/../lib/gcc/arm-none-eabi/4.8.3/../../../../arm-none-eabi/lib/armv6-m\libc_s.a(lib_a-init.o)
 .data          0x00000000        0x0 c:/users/pvalleau/appdata/local/arduino15/packages/arduino/tools/arm-none-eabi-gcc/4.8.3-2014q1/bin/../lib/gcc/arm-none-eabi/4.8.3/../../../../arm-none-eabi/lib/armv6-m\libc_s.a(lib_a-init.o)
 .bss           0x00000000        0x0 c:/users/pvalleau/appdata/local/arduino15/packages/arduino/tools/arm-none-eabi-gcc/4.8.3-2014q1/bin/../lib/gcc/arm-none-eabi/4.8.3/../../../../arm-none-eabi/lib/armv6-m\libc_s.a(lib_a-init.o)
 .text.__libc_init_array
                0x00000000       0x4c c:/users/pvalleau/appdata/local/arduino15/packages/arduino/tools/arm-none-eabi-gcc/4.8.3-2014q1/bin/../lib/gcc/arm-none-eabi/4.8.3/../../../../arm-none-eabi/lib/armv6-m\libc_s.a(lib_a-init.o)
 .ARM.attributes
                0x00000000       0x2c c:/users/pvalleau/appdata/local/arduino15/packages/arduino/tools/arm-none-eabi-gcc/4.8.3-2014q1/bin/../lib/gcc/arm-none-eabi/4.8.3/../../../../arm-none-eabi/lib/armv6-m\libc_s.a(lib_a-init.o)
 .debug_frame   0x00000000       0x2c c:/users/pvalleau/appdata/local/arduino15/packages/arduino/tools/arm-none-eabi-gcc/4.8.3-2014q1/bin/../lib/gcc/arm-none-eabi/4.8.3/../../../../arm-none-eabi/lib/armv6-m\libc_s.a(lib_a-init.o)
 .text          0x00000000        0x0 c:/users/pvalleau/appdata/local/arduino15/packages/arduino/tools/arm-none-eabi-gcc/4.8.3-2014q1/bin/../lib/gcc/arm-none-eabi/4.8.3/../../../../arm-none-eabi/lib/armv6-m\libc_s.a(lib_a-memcpy-stub.o)
 .data          0x00000000        0x0 c:/users/pvalleau/appdata/local/arduino15/packages/arduino/tools/arm-none-eabi-gcc/4.8.3-2014q1/bin/../lib/gcc/arm-none-eabi/4.8.3/../../../../arm-none-eabi/lib/armv6-m\libc_s.a(lib_a-memcpy-stub.o)
 .bss           0x00000000        0x0 c:/users/pvalleau/appdata/local/arduino15/packages/arduino/tools/arm-none-eabi-gcc/4.8.3-2014q1/bin/../lib/gcc/arm-none-eabi/4.8.3/../../../../arm-none-eabi/lib/armv6-m\libc_s.a(lib_a-memcpy-stub.o)
 .text          0x00000000        0x0 c:/users/pvalleau/appdata/local/arduino15/packages/arduino/tools/arm-none-eabi-gcc/4.8.3-2014q1/bin/../lib/gcc/arm-none-eabi/4.8.3/../../../../arm-none-eabi/lib/armv6-m\libc_s.a(lib_a-memset.o)
 .data          0x00000000        0x0 c:/users/pvalleau/appdata/local/arduino15/packages/arduino/tools/arm-none-eabi-gcc/4.8.3-2014q1/bin/../lib/gcc/arm-none-eabi/4.8.3/../../../../arm-none-eabi/lib/armv6-m\libc_s.a(lib_a-memset.o)
 .bss           0x00000000        0x0 c:/users/pvalleau/appdata/local/arduino15/packages/arduino/tools/arm-none-eabi-gcc/4.8.3-2014q1/bin/../lib/gcc/arm-none-eabi/4.8.3/../../../../arm-none-eabi/lib/armv6-m\libc_s.a(lib_a-memset.o)
 .text.memset   0x00000000       0x10 c:/users/pvalleau/appdata/local/arduino15/packages/arduino/tools/arm-none-eabi-gcc/4.8.3-2014q1/bin/../lib/gcc/arm-none-eabi/4.8.3/../../../../arm-none-eabi/lib/armv6-m\libc_s.a(lib_a-memset.o)
 .ARM.attributes
                0x00000000       0x2c c:/users/pvalleau/appdata/local/arduino15/packages/arduino/tools/arm-none-eabi-gcc/4.8.3-2014q1/bin/../lib/gcc/arm-none-eabi/4.8.3/../../../../arm-none-eabi/lib/armv6-m\libc_s.a(lib_a-memset.o)
 .debug_frame   0x00000000       0x20 c:/users/pvalleau/appdata/local/arduino15/packages/arduino/tools/arm-none-eabi-gcc/4.8.3-2014q1/bin/../lib/gcc/arm-none-eabi/4.8.3/../../../../arm-none-eabi/lib/armv6-m\libc_s.a(lib_a-memset.o)
 .text          0x00000000        0x0 c:/users/pvalleau/appdata/local/arduino15/packages/arduino/tools/arm-none-eabi-gcc/4.8.3-2014q1/bin/../lib/gcc/arm-none-eabi/4.8.3/../../../../arm-none-eabi/lib/armv6-m\libnosys.a(_exit.o)
 .data          0x00000000        0x0 c:/users/pvalleau/appdata/local/arduino15/packages/arduino/tools/arm-none-eabi-gcc/4.8.3-2014q1/bin/../lib/gcc/arm-none-eabi/4.8.3/../../../../arm-none-eabi/lib/armv6-m\libnosys.a(_exit.o)
 .bss           0x00000000        0x0 c:/users/pvalleau/appdata/local/arduino15/packages/arduino/tools/arm-none-eabi-gcc/4.8.3-2014q1/bin/../lib/gcc/arm-none-eabi/4.8.3/../../../../arm-none-eabi/lib/armv6-m\libnosys.a(_exit.o)
 .text._exit    0x00000000        0x4 c:/users/pvalleau/appdata/local/arduino15/packages/arduino/tools/arm-none-eabi-gcc/4.8.3-2014q1/bin/../lib/gcc/arm-none-eabi/4.8.3/../../../../arm-none-eabi/lib/armv6-m\libnosys.a(_exit.o)
 .ARM.attributes
                0x00000000       0x2c c:/users/pvalleau/appdata/local/arduino15/packages/arduino/tools/arm-none-eabi-gcc/4.8.3-2014q1/bin/../lib/gcc/arm-none-eabi/4.8.3/../../../../arm-none-eabi/lib/armv6-m\libnosys.a(_exit.o)
 .debug_frame   0x00000000       0x20 c:/users/pvalleau/appdata/local/arduino15/packages/arduino/tools/arm-none-eabi-gcc/4.8.3-2014q1/bin/../lib/gcc/arm-none-eabi/4.8.3/../../../../arm-none-eabi/lib/armv6-m\libnosys.a(_exit.o)
 .text          0x00000000        0x0 c:/users/pvalleau/appdata/local/arduino15/packages/arduino/tools/arm-none-eabi-gcc/4.8.3-2014q1/bin/../lib/gcc/arm-none-eabi/4.8.3/armv6-m/crtend.o
 .data          0x00000000        0x0 c:/users/pvalleau/appdata/local/arduino15/packages/arduino/tools/arm-none-eabi-gcc/4.8.3-2014q1/bin/../lib/gcc/arm-none-eabi/4.8.3/armv6-m/crtend.o
 .bss           0x00000000        0x0 c:/users/pvalleau/appdata/local/arduino15/packages/arduino/tools/arm-none-eabi-gcc/4.8.3-2014q1/bin/../lib/gcc/arm-none-eabi/4.8.3/armv6-m/crtend.o
 .text          0x00000000        0x0 c:/users/pvalleau/appdata/local/arduino15/packages/arduino/tools/arm-none-eabi-gcc/4.8.3-2014q1/bin/../lib/gcc/arm-none-eabi/4.8.3/armv6-m/crtn.o
 .data          0x00000000        0x0 c:/users/pvalleau/appdata/local/arduino15/packages/arduino/tools/arm-none-eabi-gcc/4.8.3-2014q1/bin/../lib/gcc/arm-none-eabi/4.8.3/armv6-m/crtn.o
 .bss           0x00000000        0x0 c:/users/pvalleau/appdata/local/arduino15/packages/arduino/tools/arm-none-eabi-gcc/4.8.3-2014q1/bin/../lib/gcc/arm-none-eabi/4.8.3/armv6-m/crtn.o

Memory Configuration

Name             Origin             Length             Attributes
FLASH            0x00000000         0x00002000         xr
RAM              0x20000000         0x00001ffc         xrw
*default*        0x00000000         0xffffffff

Linker script and memory map

LOAD c:/users/pvalleau/appdata/local/arduino15/packages/arduino/tools/arm-none-eabi-gcc/4.8.3-2014q1/bin/../lib/gcc/arm-none-eabi/4.8.3/armv6-m/crti.o
LOAD c:/users/pvalleau/appdata/local/arduino15/packages/arduino/tools/arm-none-eabi-gcc/4.8.3-2014q1/bin/../lib/gcc/arm-none-eabi/4.8.3/armv6-m/crtbegin.o
LOAD c:/users/pvalleau/appdata/local/arduino15/packages/arduino/tools/arm-none-eabi-gcc/4.8.3-2014q1/bin/../lib/gcc/arm-none-eabi/4.8.3/../../../../arm-none-eabi/lib/armv6-m/crt0.o
START GROUP
LOAD build/board_driver_led.o
LOAD build/board_driver_serial.o
LOAD build/board_init.o
LOAD build/board_startup.o
LOAD build/util.o
LOAD build/main.o
LOAD build/sam_ba_monitor.o
LOAD build/sam_ba_serial.o
LOAD c:/users/pvalleau/appdata/local/arduino15/packages/arduino/tools/arm-none-eabi-gcc/4.8.3-2014q1/bin/../lib/gcc/arm-none-eabi/4.8.3/../../../../arm-none-eabi/lib/armv6-m\libm.a
END GROUP
START GROUP
LOAD c:/users/pvalleau/appdata/local/arduino15/packages/arduino/tools/arm-none-eabi-gcc/4.8.3-2014q1/bin/../lib/gcc/arm-none-eabi/4.8.3/armv6-m\libgcc.a
LOAD c:/users/pvalleau/appdata/local/arduino15/packages/arduino/tools/arm-none-eabi-gcc/4.8.3-2014q1/bin/../lib/gcc/arm-none-eabi/4.8.3/../../../../arm-none-eabi/lib/armv6-m\libc_s.a
END GROUP
START GROUP
LOAD c:/users/pvalleau/appdata/local/arduino15/packages/arduino/tools/arm-none-eabi-gcc/4.8.3-2014q1/bin/../lib/gcc/arm-none-eabi/4.8.3/armv6-m\libgcc.a
LOAD c:/users/pvalleau/appdata/local/arduino15/packages/arduino/tools/arm-none-eabi-gcc/4.8.3-2014q1/bin/../lib/gcc/arm-none-eabi/4.8.3/../../../../arm-none-eabi/lib/armv6-m\libc_s.a
LOAD c:/users/pvalleau/appdata/local/arduino15/packages/arduino/tools/arm-none-eabi-gcc/4.8.3-2014q1/bin/../lib/gcc/arm-none-eabi/4.8.3/../../../../arm-none-eabi/lib/armv6-m\libnosys.a
END GROUP
START GROUP
LOAD c:/users/pvalleau/appdata/local/arduino15/packages/arduino/tools/arm-none-eabi-gcc/4.8.3-2014q1/bin/../lib/gcc/arm-none-eabi/4.8.3/armv6-m\libgcc.a
LOAD c:/users/pvalleau/appdata/local/arduino15/packages/arduino/tools/arm-none-eabi-gcc/4.8.3-2014q1/bin/../lib/gcc/arm-none-eabi/4.8.3/../../../../arm-none-eabi/lib/armv6-m\libc_s.a
LOAD c:/users/pvalleau/appdata/local/arduino15/packages/arduino/tools/arm-none-eabi-gcc/4.8.3-2014q1/bin/../lib/gcc/arm-none-eabi/4.8.3/../../../../arm-none-eabi/lib/armv6-m\libnosys.a
END GROUP
LOAD c:/users/pvalleau/appdata/local/arduino15/packages/arduino/tools/arm-none-eabi-gcc/4.8.3-2014q1/bin/../lib/gcc/arm-none-eabi/4.8.3/armv6-m/crtend.o
LOAD c:/users/pvalleau/appdata/local/arduino15/packages/arduino/tools/arm-none-eabi-gcc/4.8.3-2014q1/bin/../lib/gcc/arm-none-eabi/4.8.3/armv6-m/crtn.o
                0x00000000                . = ORIGIN (FLASH)

.vectors        0x00000000       0x40
 *(.isr_vector)
 .isr_vector    0x00000000       0x40 build/board_startup.o
                0x00000000                exception_table

.text           0x00000040      0xf48
 *(.text*)
 .text          0x00000040       0x60 c:/users/pvalleau/appdata/local/arduino15/packages/arduino/tools/arm-none-eabi-gcc/4.8.3-2014q1/bin/../lib/gcc/arm-none-eabi/4.8.3/armv6-m/crtbegin.o
 .text.LED_pulse
                0x000000a0       0x68 build/board_driver_led.o
                0x000000a0                LED_pulse
 .text.uart_basic_init
                0x00000108       0x5c build/board_driver_serial.o
                0x00000108                uart_basic_init
 .text.uart_write_byte
                0x00000164        0xa build/board_driver_serial.o
                0x00000164                uart_write_byte
 *fill*         0x0000016e        0x2 
 .text.uart_read_byte
                0x00000170       0x30 build/board_driver_serial.o
                0x00000170                uart_read_byte
 .text.board_init
                0x000001a0       0x64 build/board_init.o
                0x000001a0                board_init
 .text.NMI_Handler
                0x00000204        0x4 build/board_startup.o
                0x00000204                NMI_Handler
 .text.HardFault_Handler
                0x00000208        0x4 build/board_startup.o
                0x00000208                HardFault_Handler
 .text.SVC_Handler
                0x0000020c        0x4 build/board_startup.o
                0x0000020c                SVC_Handler
 .text.PendSV_Handler
                0x00000210        0x4 build/board_startup.o
                0x00000210                PendSV_Handler
 .text.Reset_Handler
                0x00000214       0x50 build/board_startup.o
                0x00000214                Reset_Handler
 .text.pinMux   0x00000264       0x48 build/util.o
                0x00000264                pinMux
 .text.waitForSync
                0x000002ac       0x14 build/util.o
                0x000002ac                waitForSync
 .text.startup.main
                0x000002c0       0xbc build/main.o
                0x000002c0                main
 .text.SysTick_Handler
                0x0000037c        0xc build/main.o
                0x0000037c                SysTick_Handler
 .text.sam_ba_putdata.isra.0
                0x00000388       0x18 build/sam_ba_monitor.o
 .text.sam_ba_monitor_init
                0x000003a0       0x1c build/sam_ba_monitor.o
                0x000003a0                sam_ba_monitor_init
 .text.sam_ba_putdata_term
                0x000003bc       0x80 build/sam_ba_monitor.o
                0x000003bc                sam_ba_putdata_term
 .text.call_applet
                0x0000043c       0x1c build/sam_ba_monitor.o
                0x0000043c                call_applet
 .text.sam_ba_monitor_sys_tick
                0x00000458       0x2c build/sam_ba_monitor.o
                0x00000458                sam_ba_monitor_sys_tick
 .text.sam_ba_monitor_run
                0x00000484      0x4e8 build/sam_ba_monitor.o
                0x00000484                sam_ba_monitor_run
 .text.serial_open
                0x0000096c       0x7c build/sam_ba_serial.o
                0x0000096c                serial_open
 .text.serial_putc
                0x000009e8       0x14 build/sam_ba_serial.o
                0x000009e8                serial_putc
 .text.serial_is_rx_ready
                0x000009fc       0x10 build/sam_ba_serial.o
                0x000009fc                serial_is_rx_ready
 .text.serial_getc
                0x00000a0c       0x18 build/sam_ba_serial.o
                0x00000a0c                serial_getc
 .text.serial_sharp_received
                0x00000a24       0x1c build/sam_ba_serial.o
                0x00000a24                serial_sharp_received
 .text.serial_putdata
                0x00000a40       0x1a build/sam_ba_serial.o
                0x00000a40                serial_putdata
 .text.serial_getdata
                0x00000a5a        0xe build/sam_ba_serial.o
                0x00000a5a                serial_getdata
 .text.serial_add_crc
                0x00000a68       0x18 build/sam_ba_serial.o
                0x00000a68                serial_add_crc
 .text.getbytes
                0x00000a80       0x64 build/sam_ba_serial.o
 .text.serial_putdata_xmd
                0x00000ae4      0x108 build/sam_ba_serial.o
                0x00000ae4                serial_putdata_xmd
 .text.serial_getdata_xmd
                0x00000bec       0xf4 build/sam_ba_serial.o
                0x00000bec                serial_getdata_xmd
 .text.memcpy   0x00000ce0       0x12 c:/users/pvalleau/appdata/local/arduino15/packages/arduino/tools/arm-none-eabi-gcc/4.8.3-2014q1/bin/../lib/gcc/arm-none-eabi/4.8.3/../../../../arm-none-eabi/lib/armv6-m\libc_s.a(lib_a-memcpy-stub.o)
                0x00000ce0                memcpy
 *(.init)
 *fill*         0x00000cf2        0x2 
 .init          0x00000cf4        0x4 c:/users/pvalleau/appdata/local/arduino15/packages/arduino/tools/arm-none-eabi-gcc/4.8.3-2014q1/bin/../lib/gcc/arm-none-eabi/4.8.3/armv6-m/crti.o
                0x00000cf4                _init
 .init          0x00000cf8        0x8 c:/users/pvalleau/appdata/local/arduino15/packages/arduino/tools/arm-none-eabi-gcc/4.8.3-2014q1/bin/../lib/gcc/arm-none-eabi/4.8.3/armv6-m/crtn.o
 *(.fini)
 .fini          0x00000d00        0x4 c:/users/pvalleau/appdata/local/arduino15/packages/arduino/tools/arm-none-eabi-gcc/4.8.3-2014q1/bin/../lib/gcc/arm-none-eabi/4.8.3/armv6-m/crti.o
                0x00000d00                _fini
 .fini          0x00000d04        0x8 c:/users/pvalleau/appdata/local/arduino15/packages/arduino/tools/arm-none-eabi-gcc/4.8.3-2014q1/bin/../lib/gcc/arm-none-eabi/4.8.3/armv6-m/crtn.o
 *crtbegin.o(.ctors)
 *crtbegin?.o(.ctors)
 *(EXCLUDE_FILE(*crtend.o *crtend?.o) .ctors)
 *(SORT(.ctors.*))
 *(.ctors)
 *crtbegin.o(.dtors)
 *crtbegin?.o(.dtors)
 *(EXCLUDE_FILE(*crtend.o *crtend?.o) .dtors)
 *(SORT(.dtors.*))
 *(.dtors)
 *(.rodata*)
 .rodata        0x00000d0c       0x20 build/sam_ba_monitor.o
 .rodata.uart_if
                0x00000d2c       0x1c build/sam_ba_monitor.o
                0x00000d2c                uart_if
 .rodata.str1.1
                0x00000d48       0x29 build/sam_ba_monitor.o
                                 0x2c (size before relaxing)
 .rodata.RomBOOT_Version
                0x00000d71        0x4 build/sam_ba_monitor.o
                0x00000d71                RomBOOT_Version
 .rodata.RomBOOT_ExtendedCapabilities
                0x00000d75        0xe build/sam_ba_monitor.o
                0x00000d75                RomBOOT_ExtendedCapabilities
 *fill*         0x00000d83        0x1 
 .rodata.crc16Table
                0x00000d84      0x200 build/sam_ba_serial.o
 *(.eh_frame*)
 .eh_frame      0x00000f84        0x0 c:/users/pvalleau/appdata/local/arduino15/packages/arduino/tools/arm-none-eabi-gcc/4.8.3-2014q1/bin/../lib/gcc/arm-none-eabi/4.8.3/armv6-m/crtbegin.o
 .eh_frame      0x00000f84        0x4 c:/users/pvalleau/appdata/local/arduino15/packages/arduino/tools/arm-none-eabi-gcc/4.8.3-2014q1/bin/../lib/gcc/arm-none-eabi/4.8.3/armv6-m/crtend.o

.glue_7         0x00000f88        0x0
 .glue_7        0x00000000        0x0 linker stubs

.glue_7t        0x00000f88        0x0
 .glue_7t       0x00000000        0x0 linker stubs

.vfp11_veneer   0x00000f88        0x0
 .vfp11_veneer  0x00000000        0x0 linker stubs

.v4_bx          0x00000f88        0x0
 .v4_bx         0x00000000        0x0 linker stubs

.iplt           0x00000f88        0x0
 .iplt          0x00000000        0x0 c:/users/pvalleau/appdata/local/arduino15/packages/arduino/tools/arm-none-eabi-gcc/4.8.3-2014q1/bin/../lib/gcc/arm-none-eabi/4.8.3/armv6-m/crtbegin.o

.rel.dyn        0x00000f88        0x0
 .rel.iplt      0x00000000        0x0 c:/users/pvalleau/appdata/local/arduino15/packages/arduino/tools/arm-none-eabi-gcc/4.8.3-2014q1/bin/../lib/gcc/arm-none-eabi/4.8.3/armv6-m/crtbegin.o

.ARM.extab
 *(.ARM.extab* .gnu.linkonce.armextab.*)
                0x00000f88                __exidx_start = .

.ARM.exidx
 *(.ARM.exidx* .gnu.linkonce.armexidx.*)
                0x00000f88                __exidx_end = .
                0x00000f88                __etext = .
                0x00002000                PROVIDE (__sketch_vectors_ptr, (ORIGIN (FLASH) + 0x2000))

.data           0x20000000       0x14 load address 0x00000f88
                0x20000000                __data_start__ = .
 *(vtable)
 *(.data*)
 .data.ledDirection
                0x20000000        0x1 build/board_driver_led.o
                0x20000000                ledDirection
 .data.ledTargetValue
                0x20000001        0x1 build/board_driver_led.o
                0x20000001                ledTargetValue
 *fill*         0x20000002        0x2 
 .data.SystemCoreClock
                0x20000004        0x4 build/util.o
                0x20000004                SystemCoreClock
                0x20000008                . = ALIGN (0x4)
                0x20000008                PROVIDE (__preinit_array_start, .)
 *(.preinit_array)
                0x20000008                PROVIDE (__preinit_array_end, .)
                0x20000008                . = ALIGN (0x4)
                0x20000008                PROVIDE (__init_array_start, .)
 *(SORT(.init_array.*))
 *(.init_array)
 .init_array    0x20000008        0x4 c:/users/pvalleau/appdata/local/arduino15/packages/arduino/tools/arm-none-eabi-gcc/4.8.3-2014q1/bin/../lib/gcc/arm-none-eabi/4.8.3/armv6-m/crtbegin.o
                0x2000000c                PROVIDE (__init_array_end, .)
                0x2000000c                . = ALIGN (0x4)
                0x2000000c                PROVIDE (__fini_array_start, .)
 *(SORT(.fini_array.*))
 *(.fini_array)
 .fini_array    0x2000000c        0x4 c:/users/pvalleau/appdata/local/arduino15/packages/arduino/tools/arm-none-eabi-gcc/4.8.3-2014q1/bin/../lib/gcc/arm-none-eabi/4.8.3/armv6-m/crtbegin.o
                0x20000010                PROVIDE (__fini_array_end, .)
 *(.jcr*)
 .jcr           0x20000010        0x0 c:/users/pvalleau/appdata/local/arduino15/packages/arduino/tools/arm-none-eabi-gcc/4.8.3-2014q1/bin/../lib/gcc/arm-none-eabi/4.8.3/armv6-m/crtbegin.o
 .jcr           0x20000010        0x4 c:/users/pvalleau/appdata/local/arduino15/packages/arduino/tools/arm-none-eabi-gcc/4.8.3-2014q1/bin/../lib/gcc/arm-none-eabi/4.8.3/armv6-m/crtend.o
                0x20000014                . = ALIGN (0x4)
                0x20000014                __data_end__ = .

.igot.plt       0x20000014        0x0 load address 0x00000f9c
 .igot.plt      0x00000000        0x0 c:/users/pvalleau/appdata/local/arduino15/packages/arduino/tools/arm-none-eabi-gcc/4.8.3-2014q1/bin/../lib/gcc/arm-none-eabi/4.8.3/armv6-m/crtbegin.o

.bss            0x20000014      0x1ac load address 0x00000f9c
                0x20000014                . = ALIGN (0x4)
                0x20000014                __bss_start__ = .
 *(.bss*)
 .bss           0x20000014       0x1c c:/users/pvalleau/appdata/local/arduino15/packages/arduino/tools/arm-none-eabi-gcc/4.8.3-2014q1/bin/../lib/gcc/arm-none-eabi/4.8.3/armv6-m/crtbegin.o
 .bss.ledKeepValue
                0x20000030        0x1 build/board_driver_led.o
                0x20000030                ledKeepValue
 .bss.uart_drv_error_flag
                0x20000031        0x1 build/board_driver_serial.o
                0x20000031                uart_drv_error_flag
 .bss.main_b_cdc_enable
                0x20000032        0x1 build/main.o
 .bss.b_terminal_mode
                0x20000033        0x1 build/sam_ba_monitor.o
                0x20000033                b_terminal_mode
 .bss.rxLEDPulse
                0x20000034        0x2 build/sam_ba_monitor.o
                0x20000034                rxLEDPulse
 .bss.txLEDPulse
                0x20000036        0x2 build/sam_ba_monitor.o
                0x20000036                txLEDPulse
 .bss.b_sam_ba_interface_usart
                0x20000038        0x1 build/sam_ba_monitor.o
                0x20000038                b_sam_ba_interface_usart
 *fill*         0x20000039        0x3 
 .bss.src_buff_addr.12750
                0x2000003c        0x4 build/sam_ba_monitor.o
 *(COMMON)
 COMMON         0x20000040       0x74 build/sam_ba_monitor.o
                0x20000040                j
                0x20000044                length
                0x20000048                ptr
                0x2000004c                command
                0x20000050                MAX_FLASH
                0x20000054                PAGES
                0x20000058                i
                0x2000005c                PAGE_SIZE
                0x20000060                data
                0x200000a0                ptr_data
                0x200000a4                ptr_monitor_if
                0x200000a8                sp
                0x200000ac                current_number
                0x200000b0                u32tmp
 COMMON         0x200000b4      0x109 build/sam_ba_serial.o
                0x200000b4                b_sharp_received
                0x200000b5                idx_rx_write
                0x200000b6                size_of_data
                0x200000b8                idx_tx_read
                0x200000b9                buffer_tx_usart
                0x20000139                error_timeout
                0x2000013a                mode_of_transfer
                0x2000013b                idx_rx_read
                0x2000013c                idx_tx_write
                0x2000013d                buffer_rx_usart
                0x200001c0                . = ALIGN (0x4)
 *fill*         0x200001bd        0x3 
                0x200001c0                __bss_end__ = .

.heap           0x200001c0        0x0
                0x200001c0                __end__ = .
                0x200001c0                PROVIDE (end, .)
 *(.heap*)
                0x200001c0                __HeapLimit = .

.stack_dummy    0x200001c0        0x0
 *(.stack*)
                0x20001ffc                __StackTop = (ORIGIN (RAM) + 0x1ffc)
                0x20001ffc                __StackLimit = (__StackTop - SIZEOF (.stack_dummy))
                0x00000f9c                __BinarySize = ((SIZEOF (.vectors) + SIZEOF (.text)) + SIZEOF (.data))
                0x20001ffc                PROVIDE (__stack, __StackTop)
                0x20001ffb                __ram_end__ = ((ORIGIN (RAM) + 0x1ffc) - 0x1)
                0x00000001                ASSERT ((__StackLimit >= __HeapLimit), region RAM overflowed with stack)
                0x00000001                ASSERT ((__BinarySize <= 0x2000), Bootloader exceeds 8KB (vectors + text + data). Please recompile with different options.)
OUTPUT(build/sam_ba_Pilo_SAMC21J16A.elf elf32-littlearm)

.ARM.attributes
                0x00000000       0x28
 .ARM.attributes
                0x00000000       0x1e c:/users/pvalleau/appdata/local/arduino15/packages/arduino/tools/arm-none-eabi-gcc/4.8.3-2014q1/bin/../lib/gcc/arm-none-eabi/4.8.3/armv6-m/crti.o
 .ARM.attributes
                0x0000001e       0x2c c:/users/pvalleau/appdata/local/arduino15/packages/arduino/tools/arm-none-eabi-gcc/4.8.3-2014q1/bin/../lib/gcc/arm-none-eabi/4.8.3/armv6-m/crtbegin.o
 .ARM.attributes
                0x0000004a       0x32 build/board_driver_led.o
 .ARM.attributes
                0x0000007c       0x32 build/board_driver_serial.o
 .ARM.attributes
                0x000000ae       0x32 build/board_init.o
 .ARM.attributes
                0x000000e0       0x32 build/board_startup.o
 .ARM.attributes
                0x00000112       0x32 build/util.o
 .ARM.attributes
                0x00000144       0x32 build/main.o
 .ARM.attributes
                0x00000176       0x32 build/sam_ba_monitor.o
 .ARM.attributes
                0x000001a8       0x32 build/sam_ba_serial.o
 .ARM.attributes
                0x000001da       0x2c c:/users/pvalleau/appdata/local/arduino15/packages/arduino/tools/arm-none-eabi-gcc/4.8.3-2014q1/bin/../lib/gcc/arm-none-eabi/4.8.3/../../../../arm-none-eabi/lib/armv6-m\libc_s.a(lib_a-memcpy-stub.o)
 .ARM.attributes
                0x00000206       0x2c c:/users/pvalleau/appdata/local/arduino15/packages/arduino/tools/arm-none-eabi-gcc/4.8.3-2014q1/bin/../lib/gcc/arm-none-eabi/4.8.3/armv6-m/crtend.o
 .ARM.attributes
                0x00000232       0x1e c:/users/pvalleau/appdata/local/arduino15/packages/arduino/tools/arm-none-eabi-gcc/4.8.3-2014q1/bin/../lib/gcc/arm-none-eabi/4.8.3/armv6-m/crtn.o

.comment        0x00000000       0x70
 .comment       0x00000000       0x70 build/board_driver_led.o
                                 0x71 (size before relaxing)
 .comment       0x00000000       0x71 build/board_driver_serial.o
 .comment       0x00000000       0x71 build/board_init.o
 .comment       0x00000000       0x71 build/board_startup.o
 .comment       0x00000000       0x71 build/util.o
 .comment       0x00000000       0x71 build/main.o
 .comment       0x00000000       0x71 build/sam_ba_monitor.o
 .comment       0x00000000       0x71 build/sam_ba_serial.o

.debug_frame    0x00000000       0x28
 .debug_frame   0x00000000       0x28 c:/users/pvalleau/appdata/local/arduino15/packages/arduino/tools/arm-none-eabi-gcc/4.8.3-2014q1/bin/../lib/gcc/arm-none-eabi/4.8.3/../../../../arm-none-eabi/lib/armv6-m\libc_s.a(lib_a-memcpy-stub.o)

Cross Reference Table

Symbol                                            File
HardFault_Handler                                 build/board_startup.o
LED_pulse                                         build/board_driver_led.o
                                                  build/main.o
MAX_FLASH                                         build/sam_ba_monitor.o
NMI_Handler                                       build/board_startup.o
PAGES                                             build/sam_ba_monitor.o
PAGE_SIZE                                         build/sam_ba_monitor.o
PendSV_Handler                                    build/board_startup.o
Reset_Handler                                     build/board_startup.o
RomBOOT_ExtendedCapabilities                      build/sam_ba_monitor.o
RomBOOT_Version                                   build/sam_ba_monitor.o
SVC_Handler                                       build/board_startup.o
SysTick_Handler                                   build/main.o
                                                  build/board_startup.o
SystemCoreClock                                   build/util.o
                                                  build/board_init.o
_Jv_RegisterClasses                               c:/users/pvalleau/appdata/local/arduino15/packages/arduino/tools/arm-none-eabi-gcc/4.8.3-2014q1/bin/../lib/gcc/arm-none-eabi/4.8.3/armv6-m/crtbegin.o
__StackTop                                        build/board_startup.o
__bss_end__                                       build/board_startup.o
                                                  c:/users/pvalleau/appdata/local/arduino15/packages/arduino/tools/arm-none-eabi-gcc/4.8.3-2014q1/bin/../lib/gcc/arm-none-eabi/4.8.3/../../../../arm-none-eabi/lib/armv6-m/crt0.o
__bss_start__                                     build/board_startup.o
                                                  c:/users/pvalleau/appdata/local/arduino15/packages/arduino/tools/arm-none-eabi-gcc/4.8.3-2014q1/bin/../lib/gcc/arm-none-eabi/4.8.3/../../../../arm-none-eabi/lib/armv6-m/crt0.o
__call_exitprocs                                  c:/users/pvalleau/appdata/local/arduino15/packages/arduino/tools/arm-none-eabi-gcc/4.8.3-2014q1/bin/../lib/gcc/arm-none-eabi/4.8.3/../../../../arm-none-eabi/lib/armv6-m\libc_s.a(lib_a-exit.o)
__data_end__                                      build/board_startup.o
__data_start__                                    build/board_startup.o
__deregister_frame_info                           c:/users/pvalleau/appdata/local/arduino15/packages/arduino/tools/arm-none-eabi-gcc/4.8.3-2014q1/bin/../lib/gcc/arm-none-eabi/4.8.3/armv6-m/crtbegin.o
__dso_handle                                      c:/users/pvalleau/appdata/local/arduino15/packages/arduino/tools/arm-none-eabi-gcc/4.8.3-2014q1/bin/../lib/gcc/arm-none-eabi/4.8.3/armv6-m/crtbegin.o
__etext                                           build/board_startup.o
__init_array_end                                  c:/users/pvalleau/appdata/local/arduino15/packages/arduino/tools/arm-none-eabi-gcc/4.8.3-2014q1/bin/../lib/gcc/arm-none-eabi/4.8.3/../../../../arm-none-eabi/lib/armv6-m\libc_s.a(lib_a-init.o)
__init_array_start                                c:/users/pvalleau/appdata/local/arduino15/packages/arduino/tools/arm-none-eabi-gcc/4.8.3-2014q1/bin/../lib/gcc/arm-none-eabi/4.8.3/../../../../arm-none-eabi/lib/armv6-m\libc_s.a(lib_a-init.o)
__libc_fini_array                                 c:/users/pvalleau/appdata/local/arduino15/packages/arduino/tools/arm-none-eabi-gcc/4.8.3-2014q1/bin/../lib/gcc/arm-none-eabi/4.8.3/../../../../arm-none-eabi/lib/armv6-m/crt0.o
__libc_init_array                                 c:/users/pvalleau/appdata/local/arduino15/packages/arduino/tools/arm-none-eabi-gcc/4.8.3-2014q1/bin/../lib/gcc/arm-none-eabi/4.8.3/../../../../arm-none-eabi/lib/armv6-m\libc_s.a(lib_a-init.o)
                                                  c:/users/pvalleau/appdata/local/arduino15/packages/arduino/tools/arm-none-eabi-gcc/4.8.3-2014q1/bin/../lib/gcc/arm-none-eabi/4.8.3/../../../../arm-none-eabi/lib/armv6-m/crt0.o
__preinit_array_end                               c:/users/pvalleau/appdata/local/arduino15/packages/arduino/tools/arm-none-eabi-gcc/4.8.3-2014q1/bin/../lib/gcc/arm-none-eabi/4.8.3/../../../../arm-none-eabi/lib/armv6-m\libc_s.a(lib_a-init.o)
__preinit_array_start                             c:/users/pvalleau/appdata/local/arduino15/packages/arduino/tools/arm-none-eabi-gcc/4.8.3-2014q1/bin/../lib/gcc/arm-none-eabi/4.8.3/../../../../arm-none-eabi/lib/armv6-m\libc_s.a(lib_a-init.o)
__register_frame_info                             c:/users/pvalleau/appdata/local/arduino15/packages/arduino/tools/arm-none-eabi-gcc/4.8.3-2014q1/bin/../lib/gcc/arm-none-eabi/4.8.3/armv6-m/crtbegin.o
__sf_fake_stderr                                  c:/users/pvalleau/appdata/local/arduino15/packages/arduino/tools/arm-none-eabi-gcc/4.8.3-2014q1/bin/../lib/gcc/arm-none-eabi/4.8.3/../../../../arm-none-eabi/lib/armv6-m\libc_s.a(lib_a-impure.o)
__sf_fake_stdin                                   c:/users/pvalleau/appdata/local/arduino15/packages/arduino/tools/arm-none-eabi-gcc/4.8.3-2014q1/bin/../lib/gcc/arm-none-eabi/4.8.3/../../../../arm-none-eabi/lib/armv6-m\libc_s.a(lib_a-impure.o)
__sf_fake_stdout                                  c:/users/pvalleau/appdata/local/arduino15/packages/arduino/tools/arm-none-eabi-gcc/4.8.3-2014q1/bin/../lib/gcc/arm-none-eabi/4.8.3/../../../../arm-none-eabi/lib/armv6-m\libc_s.a(lib_a-impure.o)
__sketch_vectors_ptr                              build/main.o
__stack                                           c:/users/pvalleau/appdata/local/arduino15/packages/arduino/tools/arm-none-eabi-gcc/4.8.3-2014q1/bin/../lib/gcc/arm-none-eabi/4.8.3/../../../../arm-none-eabi/lib/armv6-m/crt0.o
_exit                                             c:/users/pvalleau/appdata/local/arduino15/packages/arduino/tools/arm-none-eabi-gcc/4.8.3-2014q1/bin/../lib/gcc/arm-none-eabi/4.8.3/../../../../arm-none-eabi/lib/armv6-m\libnosys.a(_exit.o)
                                                  c:/users/pvalleau/appdata/local/arduino15/packages/arduino/tools/arm-none-eabi-gcc/4.8.3-2014q1/bin/../lib/gcc/arm-none-eabi/4.8.3/../../../../arm-none-eabi/lib/armv6-m\libc_s.a(lib_a-exit.o)
_fini                                             c:/users/pvalleau/appdata/local/arduino15/packages/arduino/tools/arm-none-eabi-gcc/4.8.3-2014q1/bin/../lib/gcc/arm-none-eabi/4.8.3/armv6-m/crti.o
_global_impure_ptr                                c:/users/pvalleau/appdata/local/arduino15/packages/arduino/tools/arm-none-eabi-gcc/4.8.3-2014q1/bin/../lib/gcc/arm-none-eabi/4.8.3/../../../../arm-none-eabi/lib/armv6-m\libc_s.a(lib_a-impure.o)
                                                  c:/users/pvalleau/appdata/local/arduino15/packages/arduino/tools/arm-none-eabi-gcc/4.8.3-2014q1/bin/../lib/gcc/arm-none-eabi/4.8.3/../../../../arm-none-eabi/lib/armv6-m\libc_s.a(lib_a-exit.o)
_impure_ptr                                       c:/users/pvalleau/appdata/local/arduino15/packages/arduino/tools/arm-none-eabi-gcc/4.8.3-2014q1/bin/../lib/gcc/arm-none-eabi/4.8.3/../../../../arm-none-eabi/lib/armv6-m\libc_s.a(lib_a-impure.o)
_init                                             c:/users/pvalleau/appdata/local/arduino15/packages/arduino/tools/arm-none-eabi-gcc/4.8.3-2014q1/bin/../lib/gcc/arm-none-eabi/4.8.3/armv6-m/crti.o
                                                  c:/users/pvalleau/appdata/local/arduino15/packages/arduino/tools/arm-none-eabi-gcc/4.8.3-2014q1/bin/../lib/gcc/arm-none-eabi/4.8.3/../../../../arm-none-eabi/lib/armv6-m\libc_s.a(lib_a-init.o)
_mainCRTStartup                                   c:/users/pvalleau/appdata/local/arduino15/packages/arduino/tools/arm-none-eabi-gcc/4.8.3-2014q1/bin/../lib/gcc/arm-none-eabi/4.8.3/../../../../arm-none-eabi/lib/armv6-m/crt0.o
_start                                            c:/users/pvalleau/appdata/local/arduino15/packages/arduino/tools/arm-none-eabi-gcc/4.8.3-2014q1/bin/../lib/gcc/arm-none-eabi/4.8.3/../../../../arm-none-eabi/lib/armv6-m/crt0.o
atexit                                            c:/users/pvalleau/appdata/local/arduino15/packages/arduino/tools/arm-none-eabi-gcc/4.8.3-2014q1/bin/../lib/gcc/arm-none-eabi/4.8.3/../../../../arm-none-eabi/lib/armv6-m/crt0.o
b_sam_ba_interface_usart                          build/sam_ba_monitor.o
b_sharp_received                                  build/sam_ba_serial.o
b_terminal_mode                                   build/sam_ba_monitor.o
board_init                                        build/board_init.o
                                                  build/main.o
buffer_rx_usart                                   build/sam_ba_serial.o
buffer_tx_usart                                   build/sam_ba_serial.o
call_applet                                       build/sam_ba_monitor.o
command                                           build/sam_ba_monitor.o
current_number                                    build/sam_ba_monitor.o
data                                              build/sam_ba_monitor.o
delayUs                                           build/util.o
error_timeout                                     build/sam_ba_serial.o
exception_table                                   build/board_startup.o
exit                                              c:/users/pvalleau/appdata/local/arduino15/packages/arduino/tools/arm-none-eabi-gcc/4.8.3-2014q1/bin/../lib/gcc/arm-none-eabi/4.8.3/../../../../arm-none-eabi/lib/armv6-m\libc_s.a(lib_a-exit.o)
                                                  c:/users/pvalleau/appdata/local/arduino15/packages/arduino/tools/arm-none-eabi-gcc/4.8.3-2014q1/bin/../lib/gcc/arm-none-eabi/4.8.3/../../../../arm-none-eabi/lib/armv6-m/crt0.o
flashErase                                        build/util.o
flashWrite                                        build/util.o
hardware_init_hook                                c:/users/pvalleau/appdata/local/arduino15/packages/arduino/tools/arm-none-eabi-gcc/4.8.3-2014q1/bin/../lib/gcc/arm-none-eabi/4.8.3/../../../../arm-none-eabi/lib/armv6-m/crt0.o
i                                                 build/sam_ba_monitor.o
idx_rx_read                                       build/sam_ba_serial.o
idx_rx_write                                      build/sam_ba_serial.o
idx_tx_read                                       build/sam_ba_serial.o
idx_tx_write                                      build/sam_ba_serial.o
isPinActive                                       build/util.o
j                                                 build/sam_ba_monitor.o
ledDirection                                      build/board_driver_led.o
ledKeepValue                                      build/board_driver_led.o
ledTargetValue                                    build/board_driver_led.o
length                                            build/sam_ba_monitor.o
main                                              build/main.o
                                                  build/board_startup.o
                                                  c:/users/pvalleau/appdata/local/arduino15/packages/arduino/tools/arm-none-eabi-gcc/4.8.3-2014q1/bin/../lib/gcc/arm-none-eabi/4.8.3/../../../../arm-none-eabi/lib/armv6-m/crt0.o
memcpy                                            c:/users/pvalleau/appdata/local/arduino15/packages/arduino/tools/arm-none-eabi-gcc/4.8.3-2014q1/bin/../lib/gcc/arm-none-eabi/4.8.3/../../../../arm-none-eabi/lib/armv6-m\libc_s.a(lib_a-memcpy-stub.o)
                                                  build/sam_ba_monitor.o
memset                                            c:/users/pvalleau/appdata/local/arduino15/packages/arduino/tools/arm-none-eabi-gcc/4.8.3-2014q1/bin/../lib/gcc/arm-none-eabi/4.8.3/../../../../arm-none-eabi/lib/armv6-m\libc_s.a(lib_a-memset.o)
                                                  c:/users/pvalleau/appdata/local/arduino15/packages/arduino/tools/arm-none-eabi-gcc/4.8.3-2014q1/bin/../lib/gcc/arm-none-eabi/4.8.3/../../../../arm-none-eabi/lib/armv6-m/crt0.o
mode_of_transfer                                  build/sam_ba_serial.o
pinConfig                                         build/util.o
pinMux                                            build/util.o
                                                  build/sam_ba_serial.o
ptr                                               build/sam_ba_monitor.o
ptr_data                                          build/sam_ba_monitor.o
ptr_monitor_if                                    build/sam_ba_monitor.o
rxLEDPulse                                        build/sam_ba_monitor.o
sam_ba_monitor_init                               build/sam_ba_monitor.o
                                                  build/main.o
sam_ba_monitor_run                                build/sam_ba_monitor.o
                                                  build/main.o
sam_ba_monitor_sys_tick                           build/sam_ba_monitor.o
                                                  build/main.o
sam_ba_putdata_term                               build/sam_ba_monitor.o
serial_add_crc                                    build/sam_ba_serial.o
                                                  build/sam_ba_monitor.o
serial_close                                      build/sam_ba_serial.o
serial_getc                                       build/sam_ba_serial.o
                                                  build/sam_ba_monitor.o
serial_getdata                                    build/sam_ba_serial.o
                                                  build/sam_ba_monitor.o
serial_getdata_xmd                                build/sam_ba_serial.o
                                                  build/sam_ba_monitor.o
serial_is_rx_ready                                build/sam_ba_serial.o
                                                  build/sam_ba_monitor.o
serial_open                                       build/sam_ba_serial.o
                                                  build/main.o
serial_putc                                       build/sam_ba_serial.o
                                                  build/sam_ba_monitor.o
serial_putdata                                    build/sam_ba_serial.o
                                                  build/sam_ba_monitor.o
serial_putdata_xmd                                build/sam_ba_serial.o
                                                  build/sam_ba_monitor.o
serial_readc                                      build/sam_ba_serial.o
serial_sharp_received                             build/sam_ba_serial.o
                                                  build/main.o
size_of_data                                      build/sam_ba_serial.o
software_init_hook                                c:/users/pvalleau/appdata/local/arduino15/packages/arduino/tools/arm-none-eabi-gcc/4.8.3-2014q1/bin/../lib/gcc/arm-none-eabi/4.8.3/../../../../arm-none-eabi/lib/armv6-m/crt0.o
sp                                                build/sam_ba_monitor.o
systemReset                                       build/util.o
txLEDPulse                                        build/sam_ba_monitor.o
u32tmp                                            build/sam_ba_monitor.o
uart_basic_init                                   build/board_driver_serial.o
                                                  build/sam_ba_serial.o
uart_disable                                      build/board_driver_serial.o
                                                  build/sam_ba_serial.o
uart_drv_error_flag                               build/board_driver_serial.o
uart_if                                           build/sam_ba_monitor.o
uart_read_buffer_polled                           build/board_driver_serial.o
uart_read_byte                                    build/board_driver_serial.o
                                                  build/sam_ba_serial.o
uart_write_buffer_polled                          build/board_driver_serial.o
uart_write_byte                                   build/board_driver_serial.o
                                                  build/sam_ba_serial.o
waitForPLL                                        build/board_init.o
waitForSync                                       build/util.o
                                                  build/sam_ba_serial.o
